OrderedDict([('category', 'Devel'), ('sdesc', '"test package E"'), ('build-depends', 'cygwin-devel')])
