{'category': 'Graphics Libs',
 'requires': 'libproj1',
 'sdesc': '""The PROJ Cartographic Projections Software (devel)"\n'
          'ldesc: "Cartographic projection library and utilities"',
 'external-source': 'proj',
 'parse-errors': ['double-quote within double-quotes at line 3 (hint files have no escape character)',
                  'key sdesc has multi-line value']}
