{'sdesc': '"The UNIX emulation engine"',
 'ldesc': '"The UNIX emulation engine"',
 'category': 'Base',
 'requires': 'base-cygwin _windows ( >= 6.0 )',
 'provides': 'cygwin-api0_291',
 'conflicts': 'fruit-juice',
 'test': ''}
