OrderedDict([('prev', '2.2.0-1'), ('curr', '2.2.1-1')])
