{'sdesc': '"Obsolete package for RPM package management system manual pages (extra text to so repr is not one line)"',
 'category': '_obsolete'}
