{'sdesc': '"Initial base installation helper script"',
 'ldesc': '"Initial base installation helper script."',
 'category': 'Base',
 'requires': 'cygwin-api0_291',
 'parse-warnings': ["sdesc ends with '.', fixing"]}
