{'category': 'Graphics Libs',
 'requires': '',
 'sdesc': '""The PROJ Cartographic Projections Software (runtime)"\n'
          'ldesc: "Cartographic projection library and utilities"',
 'external-source': 'proj',
 'parse-errors': ['double-quote within double-quotes at line 3 (hint files have no escape character)',
                  'key sdesc has multi-line value']}
