{'category': 'Devel',
 'sdesc': '"test package C"',
 'obsoletes': 'obs-a, obs-b',
 'depends': 'test-d (>= 1.0), test-e'}
