{'.': ['an_unexpected_file'],
 'Blooey McFooey': ['!reminder-timestamp'],
 'Blooey McFooey/noarch': [],
 'Blooey McFooey/noarch/release': [],
 'Blooey McFooey/noarch/release/perl-Net-SMTP-SSL': ['perl-Net-SMTP-SSL-1.03-2-src.hint.bak'],
 'Blooey McFooey/x86': [],
 'Blooey McFooey/x86/release': [],
 'Blooey McFooey/x86/release/after-ready': ['after-ready-1.0-1.tar.bz2', 'setup.hint'],
 'Blooey McFooey/x86/release/corrupt': ['corrupt-2.1.0-1-src.tar.xz', 'corrupt-2.1.0-1.tar.xz'],
 'Blooey McFooey/x86/release/not-on-maintainer-list': ['not-on-maintainer-list-1.0-1.tar.bz2', 'setup.hint'],
 'Blooey McFooey/x86/release/not-on-package-list': ['not-on-package-list-1.0-1.tar.bz2', 'setup.hint'],
 'Blooey McFooey/x86/release/not-ready': ['-not-ready-0.9-1.tar.bz2', 'not-ready-1.0-1.tar.bz2', 'setup.hint'],
 'Blooey McFooey/x86/release/per-version': ['per-version-5.0-1-src.hint.bak'],
 'Blooey McFooey/x86/release/testpackage': ['testpackage-1.0-1-src.hint.bak'],
 'Blooey McFooey/x86/release/testpackage-zstd': ['testpackage-zstd-1.0-1-src.hint',
                                                 'testpackage-zstd-1.0-1-src.tar.zst',
                                                 'testpackage-zstd-1.0-1.hint',
                                                 'testpackage-zstd-1.0-1.tar.zst'],
 'Blooey McFooey/x86/release/testpackage2': ['setup.hint', 'testpackage2-1.0-1.tar.bz2'],
 'Blooey McFooey/x86/release/testpackage2/testpackage2-subpackage': ['inprogress.SftpXFR.1234',
                                                                     'setup.hint',
                                                                     'testpackage2-subpackage-1.0-1.tar.bz2'],
 'Jon Turney': ['!email']}
