{'.': [],
 'x86': [],
 'x86/release': [],
 'x86/release/per-version': ['per-version-5.0-1-src.tar.xz', 'per-version-5.0-1.hint', 'per-version-5.0-1.tar.xz'],
 'x86/release/testpackage': ['testpackage-0.1-1.tar.bz2']}
