OrderedDict([('keep', '243-0'), ('keep-count', '1'), ('keep-count-test', '1')])
