{'sdesc': '"Test package for stale version removal"',
 'ldesc': '"Test package for stale version removal"',
 'category': 'Shells Base',
 'test': ''}
