{'category': 'Debug',
 'requires': 'cygwin-debuginfo',
 'external-source': 'cygwin',
 'sdesc': '"Debug info for cygwin"',
 'ldesc': '"This package contains files necessary for debugging the\ncygwin package with gdb."',
 'test': ''}
