{'sdesc': '"Per-version hint test package"',
 'ldesc': '"Per-version hint test package"',
 'category': 'Base',
 'requires': 'base-cygwin'}
