OrderedDict([('category', 'Devel'), ('sdesc', '"obsolete package B"')])
