defaultdict(<class 'list'>, {'release/testpackage': ['setup.hint', 'testpackage-1.0-1.tar.bz2']})
