{'testpackage': Package('release/testpackage', {'testpackage-1.0-1.tar.bz2': Tar('aff488008bee3486e25b539fe6ccd1397bd3c5c0ba2ee2cf34af279554baa195af7493ee51d6f8510735c9a2ea54436d776a71e768165716762aec286abbbf83', 195, False)}, {'category': 'Devel',
 'ldesc': '"A test package"',
 'requires': 'cygwin',
 'sdesc': '"A test package"'})}
